---
source: crates/nash-solve/tests/inference.rs
description: "module Main exposing (..)\ntype Box 'a = Box 'a\nwrong : 'f 'a -> Box 'a\nwrong x = x\n"
info: diagnostic
---
nash::type::mismatch

  × Type mismatch: expected `Box 'a`, found `'f 'a`.
   ╭─[Main.nash:4:11]
 2 │ type Box 'a = Box 'a
 3 │ wrong : 'f 'a -> Box 'a
   ·         ───────┬───────
   ·                ╰── declared type
 4 │ wrong x = x
   ·           ┬
   ·           ╰── body of `wrong`
   ╰────
