---
source: crates/nash-solve/tests/inference.rs
description: "module Main exposing (..)\ntype Color = Red\ntrait Keep 'a where\n    keep : 'a -> 'a\nimpl Keep Color where\n    keep x = ()\n"
info: diagnostic
---
nash::type::mismatch

  × Type mismatch: expected `Color`, found `unit`.
   ╭─[Main.nash:6:14]
 3 │ trait Keep 'a where
 4 │     keep : 'a -> 'a
   ·            ────┬───
   ·                ╰── declared type
 5 │ impl Keep Color where
 6 │     keep x = ()
   ·              ─┬
   ·               ╰── body of `keep`
   ╰────
