---
source: crates/nash-solve/tests/inference.rs
description: "Code:\n\nmodule Main exposing (..)\ntrait Keep 'a where\n    keep : 'a -> 'a\nouter : 'a -> 'a\nouter x =\n    let\n        helper ignored = keep x\n    in\n    helper ()\n"
---
[
    MissingConstraint {
        region: Region {
            start: Position {
                line: 7,
                column: 26,
            },
            end: Position {
                line: 7,
                column: 30,
            },
        },
        name: "keep",
        trait_: QualifiedName {
            home: ModuleName {
                package: None,
                name: "Main",
            },
            name: "Keep",
        },
        args: [
            RigidVar(
                "a",
            ),
        ],
        binder: Located {
            region: Region {
                start: Position {
                    line: 5,
                    column: 1,
                },
                end: Position {
                    line: 5,
                    column: 6,
                },
            },
            value: "outer",
        },
    },
]
