---
source: crates/nash-solve/tests/testing.rs
description: "module Fuzz exposing (..)\ntype fuzzer 'a = Fuzzer 'a\nunit = Fuzzer ()\n\nmodule Main exposing (public)\npublic = ()\ntests\n    test \"type\" = do\n        (\\x -> x)\n        ()\n"
info: diagnostic
---
nash::type::mismatch

  × Type mismatch: expected `unit`, found `'a -> 'a`.
   ╭─[Main.nash:5:10]
 4 │     test "type" = do
 5 │         (\x -> x)
   ·          ───┬───
   ·             ╰── destructuring pattern
 6 │         ()
   ╰────
