---
source: crates/nash-driver/src/compile/nitpick_tests.rs
expression: message
---
nash::pattern::incomplete

  × Case expression is not exhaustive.
   ╭─[/Main.nash:4:5]
 3 │     f x =
 4 │ ╭─▶     case x of
 5 │ ╰─▶         True -> ()
   ╰────
  help: Missing patterns:

            False

        Add the missing branches; use `todo` for unfinished bodies.
