---
source: crates/nash-driver/src/compile/nitpick_source_tests.rs
description: "module Shapes exposing (type choice(..))\ntype choice = Choice unit | Other\n\nmodule Main exposing (..)\nimport Shapes as S\nf x =\n    case x of\n        S.Choice () -> ()\n"
info: diagnostic
---
nash::pattern::incomplete

  × Case expression is not exhaustive.
   ╭─[Main.nash:4:5]
 3 │     f x =
 4 │ ╭─▶     case x of
 5 │ ╰─▶         S.Choice () -> ()
   ╰────
  help: Missing patterns:

            Other

        Add the missing branches; use `todo` for unfinished bodies.
