---
source: crates/nash-driver/src/compile/nitpick_tests.rs
expression: message
---
nash::pattern::incomplete

  × Binding pattern is not exhaustive.
   ╭─[/Main.nash:4:10]
 3 │     let
 4 │         (x :: rest) = xs
   ·          ─────────
 5 │     in
   ╰────
  help: Missing patterns:

            []

        Use a case expression to handle the missing patterns.

nash::warning::unused_definition

  ⚠ Unused definition `rest`.
   ╭─[/Main.nash:4:15]
 3 │     let
 4 │         (x :: rest) = xs
   ·               ────
 5 │     in
   ╰────
  help: Remove the definition if it is not needed.
