---
source: crates/nash-driver/src/compile/nitpick_source_tests.rs
description: "module Main exposing (..)\nimport Primitive exposing (type bool(..), Data(..))\nimport Builtin\nimport Eq exposing (Eq)\nimport Literal exposing (FromInt, FromString, FromBytes)\nf n =\n    case n of\n        0 -> ()\n        1 -> ()\n"
info: diagnostic
---
nash::pattern::incomplete

  × Case expression is not exhaustive.
   ╭─[Main.nash:7:5]
 6 │     f n =
 7 │ ╭─▶     case n of
 8 │ │           0 -> ()
 9 │ ╰─▶         1 -> ()
   ╰────
  help: Missing patterns:

            _

        Add the missing branches; use `todo` for unfinished bodies.
