---
source: crates/nash-driver/src/compile/nitpick_source_tests.rs
description: "module Main exposing (..)\nimport Literal exposing (FromInt)\ntype Token = A | B\nimpl FromInt Token where\n    fromInt _ = A\nf x =\n    case x of\n        A -> ()\n        0 -> ()\n        B -> ()\n"
expression: value
---
()
