---
source: crates/nash-driver/src/compile/nitpick_source_tests.rs
description: "module Main exposing (..)\nimport Primitive exposing (type bool(..), Data(..))\nimport Builtin\nimport Eq exposing (Eq)\nimport Literal exposing (FromInt, FromString, FromBytes)\nf s =\n    case s of\n        \"yes\" -> ()\n        \"no\" -> ()\n"
info: diagnostic
---
nash::pattern::incomplete

  × Case expression is not exhaustive.
   ╭─[Main.nash:7:5]
 6 │     f s =
 7 │ ╭─▶     case s of
 8 │ │           "yes" -> ()
 9 │ ╰─▶         "no" -> ()
   ╰────
  help: Missing patterns:

            _

        Add the missing branches; use `todo` for unfinished bodies.
