---
source: crates/nash-driver/src/compile/nitpick_source_tests.rs
description: "module Main exposing (..)\nimport Primitive exposing (type bool(..), Data(..))\nimport Builtin\nimport Eq exposing (Eq)\nimport Literal exposing (FromInt, FromString, FromBytes)\nf flag =\n    let\n        a True = b False\n        b False = ()\n    in\n    a flag\n"
info: diagnostic
---
nash::pattern::incomplete

  × Argument pattern is not exhaustive.
   ╭─[Main.nash:8:11]
 7 │     let
 8 │         a True = b False
   ·           ────
 9 │         b False = ()
   ╰────
  help: Missing patterns:

            False

        Use a case expression in the function body to handle the missing patterns.

nash::pattern::incomplete

  × Argument pattern is not exhaustive.
    ╭─[Main.nash:9:11]
  8 │         a True = b False
  9 │         b False = ()
    ·           ─────
 10 │     in
    ╰────
  help: Missing patterns:

            True

        Use a case expression in the function body to handle the missing patterns.
