---
source: crates/nash-driver/src/compile/nitpick_tests.rs
expression: message
---
UNSAFE PATTERN

  × This pattern does not cover all possibilities:
   ╭─[/Main.nash:6:12]
 5 │ impl Choose bool where
 6 │     choose True = ()
   ·            ────
   ╰────
  help: Other possibilities include:

            False

        I would have to crash if I saw one of those! So rather than pattern matching in
        function arguments, put a `case` in the function body to account for all
        possibilities.
