---
source: crates/nash-driver/src/compile/nitpick_source_tests.rs
description: "module Main exposing (..)\nimport Builtin exposing (type bool(..), Data(..))\nimport Eq exposing (Eq)\nimport Literal exposing (FromInt, FromString, FromBytes)\nf flag =\n    if (case flag of\n            True -> True) then () else ()\n"
expression: errors
---
[
    "Incomplete BadCase 6:9-7:25 [False]",
]
