---
source: crates/nash-driver/src/compile/nitpick_source_tests.rs
description: "module Main exposing (..)\nimport Primitive exposing (type bool(..), Data(..))\nimport Builtin\nimport Eq exposing (Eq)\nimport Literal exposing (FromInt, FromString, FromBytes)\ntype packet = Packet { left : bool, right : unit } | Empty\nf packet =\n    case packet of\n        Packet { right, left } -> right\n"
info: diagnostic
---
nash::pattern::incomplete

  × Case expression is not exhaustive.
   ╭─[Main.nash:8:5]
 7 │     f packet =
 8 │ ╭─▶     case packet of
 9 │ ╰─▶         Packet { right, left } -> right
   ╰────
  help: Missing patterns:

            Empty

        Add the missing branches; use `todo` for unfinished bodies.
