---
source: crates/nash-report/src/canonicalize.rs
description: "-- Reduced head from an impl-pattern budget exhaustion.\nimpl Equal (List (List 'a)) where\n    equal x y = True"
---
nash::names::impl_pattern_limit

  × This impl pattern is too large or deeply nested:
   ╭─[Main.nash:2:12]
 1 │ -- Reduced head from an impl-pattern budget exhaustion.
 2 │ impl Equal (List (List 'a)) where
   ·            ────────────────
 3 │     equal x y = True
   ╰────
  help: Simplify the impl head.
