---
source: crates/nash-report/src/canonicalize.rs
expression: "crate::render_plain(&report, &source, \"Main.nash\")"
---
NAMING ERROR

  × I cannot resolve this `do` expression:
   ╭─[Main.nash:1:1]
 1 │ name = other
   · ────
 2 │ other = name
   ╰────
  help: A `do` expression requires the `Monad` trait. Import the module that defines
        `Monad`.
