---
source: crates/nash-report/src/canonicalize.rs
description: "module Main exposing (Name(..))\ntype alias Name = Int"
---
nash::names::export_open_alias

  × Type alias `Name` has no variants to expose.
   ╭─[Main.nash:1:23]
 1 │ module Main exposing (Name(..))
   ·                       ────────
 2 │ type alias Name = Int
   ╰────
  help: Remove `(..)`.
