---
source: crates/nash-report/src/canonicalize.rs
expression: "errors.iter().map(|e|\ncrate::render_plain(&to_report(&source, e), &source,\n\"Main.nash\")).collect::<Vec<_>>().join(\"\\n\")"
---
  × Unknown variable `missing`.
   ╭─[Main.nash:2:9]
 1 │ module Main exposing (..)
 2 │ first = missing
   ·         ───────
 3 │ second = absent
   ╰────
  help: Similar names:

            first
            second

  × Unknown variable `absent`.
   ╭─[Main.nash:3:10]
 2 │ first = missing
 3 │ second = absent
   ·          ──────
   ╰────
  help: Similar names:

            first
            second
