---
source: crates/nash-report/src/canonicalize.rs
description: "module Main exposing (..)\ntype First = Name\ntype Second = Name\n"
---
nash::names::duplicate_ctor

  × This file defines multiple `Name` type constructors.
   ╭─[Main.nash:3:15]
 1 │ module Main exposing (..)
 2 │ type First = Name
   ·              ──┬─
   ·                ╰── first definition
 3 │ type Second = Name
   ·               ──┬─
   ·                 ╰── and another first definition
   ╰────
  help: Rename one of the definitions.
