---
source: crates/nash-report/src/canonicalize.rs
description: "module Main exposing (..)\ntype Name = One\ntype Name = Two\n"
---
nash::names::duplicate_type

  × This file defines multiple `Name` types.
   ╭─[Main.nash:3:6]
 1 │ module Main exposing (..)
 2 │ type Name = One
   ·      ──┬─
   ·        ╰── first definition
 3 │ type Name = Two
   ·      ──┬─
   ·        ╰── and another first definition
   ╰────
  help: Rename one of the definitions.
