---
source: crates/nash-report/src/canonicalize.rs
description: "module Main exposing (..)\nvalue = Name\n"
---
nash::names::not_found_ctor

  × Unknown variant `Name`.
   ╭─[Main.nash:2:9]
 1 │ module Main exposing (..)
 2 │ value = Name
   ·         ────
   ╰────
  help: Define or import this name.
