---
source: crates/nash-report/src/canonicalize.rs
description: map x x = x
---
nash::names::duplicate_pattern

  × The `map` function has multiple `x` arguments.
   ╭─[Main.nash:1:7]
 1 │ map x x = x
   ·     ┬ ┬
   ·     │ ╰── and another first definition
   ·     ╰── first definition
   ╰────
  help: Rename one of the definitions.
