---
source: crates/nash-report/src/pattern.rs
expression: "render_plain(report, &Source::new(input), \"src/Main.nash\")"
---
REDUNDANT PATTERN

  × The 2nd pattern is redundant:
   ╭─[src/Main.nash:5:9]
 2 │ f xs =
 3 │     case xs of
 4 │         _ -> 0
 5 │         [] -> 1
   ·         ──
   ╰────
  help: Any value with this shape will be handled by a previous pattern, so it should be
        removed.
