---
source: crates/nash-report/src/canonicalize.rs
description: "value = [1, 2]"
---
nash::names::unsupported

  × Unsupported feature: list literals.
   ╭─[Main.nash:1:9]
 1 │ value = [1, 2]
   ·         ──────
   ╰────
  help: This syntax is recognized, but its compiler implementation is not available yet.
