---
source: crates/nash-report/src/canonicalize.rs
expression: "crate::render_plain(&report, &source, \"Main.nash\")"
---
nash::names::unsupported

  × Unsupported feature: a.
   ╭─[Main.nash:1:1]
 1 │ name = other
   · ────
 2 │ other = name
   ╰────
  help: This syntax is recognized, but its compiler implementation is not available yet.
