---
source: crates/nash-report/src/pattern.rs
expression: "render(indoc::indoc!\n{r#\"\n            module Main exposing (..)\n            f xs =\n                let\n                    [x] = xs\n                in\n                x\n        \"#})"
---
UNSAFE PATTERN

  × This pattern does not cover all possible values:
   ╭─[src/Main.nash:4:9]
 3 │     let
 4 │         [x] = xs
   ·         ───
 5 │     in
   ╰────
  help: Other possibilities include:

            []

        I would have to crash if I saw one of those! You can use `let` to deconstruct
        values only if there is ONE possibility. Switch to a `case` expression to
        account for all possibilities.

        Hint: Are you calling a function that definitely returns values with a very
        specific shape? Try making the return type of that function more specific!
