---
source: crates/nash-report/src/canonicalize.rs
description: import First exposing (Name(..))
---
nash::names::import_open_trait

  × The `Name` trait cannot be followed by (..) like this:
   ╭─[Main.nash:1:24]
 1 │ import First exposing (Name(..))
   ·                        ────────
   ╰────
  help: The (..) syntax exposes variants of a custom type. Remove the dots and name the
        trait methods explicitly when you need them.
