---
source: crates/nash-cli/tests/diagnostics.rs
description: "src/Main.nash:\n\nmodule Main exposing (..)\nimport Builtin exposing (type bool(..))\n\nidentity : bool -> unit\nidentity flag = flag\n"
---
nash::type::mismatch

  × Type mismatch: expected `unit`, found `bool`.
   ╭─[src/Main.nash:5:17]
 3 │ 
 4 │ identity : bool -> unit
   ·            ──────┬─────
   ·                  ╰── declared type
 5 │ identity flag = flag
   ·                 ──┬─
   ·                   ╰── body of `identity`
   ╰────

Compilation failed: 0 succeeded, 1 failed or blocked.
