---
source: crates/nash-report/src/type_/tests.rs
description: "module Main exposing (..)\ntype Option = Some Builtin.int\nvalue (Some \"hello\") = 1\n"
---
nash::type::pattern_mismatch

  × Type mismatch: expected `int`, found `string`.
   ╭─[Main.nash:3:13]
 2 │ type Option = Some Builtin.int
 3 │ value (Some "hello") = 1
   ·             ───┬───
   ·                ╰── argument 1 of `Some`
   ╰────
