---
source: crates/nash-report/src/type_/tests.rs
expression: "show(&Error::InfiniteType { region: region(), name: \"f\", overall_type: &t })"
---
  × `f` has a self-referential type: ∞ -> 'a
   ╭─[Main.nash:1:1]
 1 │ value
   · ─────
   ╰────
  help: Break the type cycle; ∞ marks a repeated part of the type.
