---
source: crates/nash-report/src/type_/tests.rs
description: "module Main exposing (..)\nf x = if x == x then f [x] else f x\n"
---
nash::type::polymorphic_recursion

  × Recursive call to `f` grows its trait requirement.
   ╭─[Main.nash:2:22]
 1 │ module Main exposing (..)
 2 │ f x = if x == x then f [x] else f x
   ·                      ─────
   ╰────
  help: Eq 'a

        Keep trait arguments stable across recursive calls, or split the recursion.
