---
source: crates/nash-report/src/type_/tests.rs
expression: "type_error_reports(\"module Main exposing (..)\\ntype A = A\\ntype B = B\\nf a =\\n    case a of\\n        A -> A\\n        _ -> B\\n\")"
---
  × Type mismatch: expected `A`, found `B`.
   ╭─[Main.nash:7:14]
 4 │ f a =
 5 │     case a of
 6 │         A -> A
   ·              ┬
   ·              ╰── previous branch
 7 │         _ -> B
   ·              ┬
   ·              ╰── case branch 2
   ╰────
