---
source: crates/nash-report/src/type_/tests.rs
description: "module Main exposing (..)\ntype A = A\ntype B = B\nf : B -> B\nf A = B\n"
---
nash::type::pattern_mismatch

  × Type mismatch: expected `B`, found `A`.
   ╭─[Main.nash:5:3]
 3 │ type B = B
 4 │ f : B -> B
   ·     ───┬──
   ·        ╰── declared argument type
 5 │ f A = B
   ·   ┬
   ·   ╰── argument 1 of `f`
   ╰────
