---
source: crates/nash-report/tests/parse/expression/mod.rs
assertion_line: 16
description: "Code:\n\na => b"
info: diagnostic
---
nash::syntax

  × Unexpected `=>` in expression.
   ╭─[src/Main.nash:1:3]
 1 │ a => b
   ·   ──
   ╰────
  help: Use `=>` after type constraints; use `->` for function and case bodies.
