---
source: crates/nash-codegen/src/optimizer_tests/inverse.rs
expression: "crate::harness::pass_snapshot(b.arena, before,\nformat!(\"--- core before\\n{}\\n--- uplc before\\n{}\\n--- core after\\n{}\\n--- uplc after\\n{}\\n--- result\\n{}\\n--- logs\\n{:?}\",\npretty(before), left.uplc, pretty(after), right.uplc, right.result,\nright.logs))"
---
--- unoptimized Core
unIData (iData false)
--- unoptimized UPLC
(program 1.1.0 [(builtin unIData) [(builtin iData) (con bool False)]])
--- optimized Core
let anf#1 : Data = iData false in
unIData anf#1
--- optimized UPLC
(program 1.1.0
  [(lam anf_2 [(builtin unIData) anf_2]) [(builtin iData) (con bool False)]])
--- isolated pass
--- core before
unIData (iData false)
--- uplc before
(program 1.1.0 [(builtin unIData) [(builtin iData) (con bool False)]])
--- core after
unIData (iData false)
--- uplc after
(program 1.1.0 [(builtin unIData) [(builtin iData) (con bool False)]])
--- result
error: Runtime(TypeMismatch(Integer, Boolean(false)))
--- logs
[]
