---
source: crates/nash-codegen/src/optimizer_tests/known_case.rs
expression: "format!(\"--- before\\n{}\\n--- after\\n{}\\n--- errors\\n{left:?}\\n{right:?}\",\npretty(before), pretty(after))"
---
--- before
case@List (con (list integer) []) of
  Nil -> 42
  Nil -> 42
--- after
case@List (con (list integer) []) of
  Nil -> 42
  Nil -> 42
--- errors
InvalidCase("invalid list branch")
InvalidCase("invalid list branch")
