---
source: crates/nash-codegen/src/optimizer_tests/inverse.rs
expression: "format!(\"{}\\n--- isolated pass\\n{}\", fixture.code_snapshot(),\nformat!(\"--- core before\\n{}\\n--- uplc before\\n{}\\n--- core after\\n{}\\n--- uplc after\\n{}\\n--- result\\n{}\\n--- logs\\n{:?}\",\npretty(before), left.uplc, pretty(after), right.uplc, right.result,\nright.logs))"
---
--- unoptimized Core
unMapData (mapData (unMapData 0))
--- unoptimized UPLC
(program 1.1.0
  [(builtin unMapData) [(builtin mapData) [(builtin unMapData) (con integer 0)]]])
--- optimized Core
let anf#1 : list (pair Data Data) = unMapData 0 in
let anf#2 : Data = mapData anf#1 in
anf#1
--- optimized UPLC
(program 1.1.0
  [(lam anf_3 [(lam anf_4 anf_3) [(builtin mapData) anf_3]])
    [(builtin unMapData) (con integer 0)]])
--- isolated pass
--- core before
unMapData (mapData (unMapData 0))
--- uplc before
(program 1.1.0
  [(builtin unMapData) [(builtin mapData) [(builtin unMapData) (con integer 0)]]])
--- core after
unMapData 0
--- uplc after
(program 1.1.0 [(builtin unMapData) (con integer 0)])
--- result
error: Runtime(NotData(Integer(0)))
--- logs
[]
