---
source: crates/nash-codegen/src/optimizer_tests/inverse.rs
expression: "crate::harness::pass_snapshot(b.arena, before,\nformat!(\"--- core before\\n{}\\n--- uplc before\\n{}\\n--- core after\\n{}\\n--- uplc after\\n{}\\n--- result\\n{}\\n--- logs\\n{:?}\",\npretty(before), left.uplc, pretty(after), right.uplc, right.result,\nright.logs))"
---
--- unoptimized Core
unBData (bData (trace "operand" in (con bytestring #68656c6c6f)))
--- unoptimized UPLC
(program 1.1.0
  [(builtin unBData)
    [(builtin bData)
      (force
        [[(force (builtin trace)) (con string "operand")]
          (delay (con bytestring #68656c6c6f))])]])
--- optimized Core
trace "operand" in (con bytestring #68656c6c6f)
--- optimized UPLC
(program 1.1.0
  [(lam builtin_1
    (force
      [[builtin_1 (con string "operand")] (delay (con bytestring #68656c6c6f))]))
    (force (builtin trace))])
--- isolated pass
--- core before
unBData (bData (trace "operand" in (con bytestring #68656c6c6f)))
--- uplc before
(program 1.1.0
  [(builtin unBData)
    [(builtin bData)
      (force
        [[(force (builtin trace)) (con string "operand")]
          (delay (con bytestring #68656c6c6f))])]])
--- core after
trace "operand" in (con bytestring #68656c6c6f)
--- uplc after
(program 1.1.0
  (force
    [[(force (builtin trace)) (con string "operand")]
      (delay (con bytestring #68656c6c6f))]))
--- result
(con bytestring #68656c6c6f)
--- logs
["operand"]
