---
source: crates/nash-codegen/src/optimizer_tests/known_case.rs
expression: "crate::harness::pass_snapshot(b.arena, original,\nformat!(\"--- isolated ANF input\\n{}\\n--- isolated folded Core\\n{}\\n--- isolated cleaned Core\\n{}\\n--- isolated UPLC before\\n{}\\n--- isolated UPLC after\\n{}\\n--- result\\n{}\\n--- logs\\n{:?}\",\npretty(before), pretty(folded), pretty(after), left.uplc, right.uplc,\nright.result, right.logs))"
---
--- unoptimized Core
case@Data iData true of
  DataI unused#2 -> 9
  _ -> trace "unreachable" in 0
--- unoptimized UPLC
(program 1.1.0
  [(lam generated_3
    (force
      [[[[[[(force (builtin chooseData)) generated_3]
        (delay
          (force
            [[(force (builtin trace)) (con string "unreachable")] (delay (con integer 0))]))]
        (delay
          (force
            [[(force (builtin trace)) (con string "unreachable")] (delay (con integer 0))]))]
        (delay
          (force
            [[(force (builtin trace)) (con string "unreachable")] (delay (con integer 0))]))]
        (delay (con integer 9))]
        (delay
          (force
            [[(force (builtin trace)) (con string "unreachable")] (delay (con integer 0))]))]))
    [(builtin iData) (con bool True)]])
--- optimized Core
let anf#2 : Data = iData true in
case@Data anf#2 of
  DataI unused#1 -> 9
  _ -> trace "unreachable" in 0
--- optimized UPLC
(program 1.1.0
  [(lam builtin_5
    [(lam builtin_7
      [(lam partial_8
        [(lam anf_3
          [(lam generated_6
            (force
              [[[[[[builtin_7 generated_6] (delay (force [partial_8 (delay (con integer 0))]))]
                (delay (force [partial_8 (delay (con integer 0))]))]
                (delay (force [partial_8 (delay (con integer 0))]))]
                (delay (con integer 9))]
                (delay (force [partial_8 (delay (con integer 0))]))]))
            anf_3])
          [(builtin iData) (con bool True)]])
        [builtin_5 (con string "unreachable")]])
      (force (builtin chooseData))])
    (force (builtin trace))])
--- isolated pass
--- isolated ANF input
let anf#3 : Data = iData true in
case@Data anf#3 of
  DataI unused#2 -> 9
  _ -> trace "unreachable" in 0
--- isolated folded Core
let data_operand#4 : bool = true in
let anf#3 : Data = iData data_operand#4 in
let unused#2 : bool = data_operand#4 in
9
--- isolated cleaned Core
let anf#3 : Data = iData true in
9
--- isolated UPLC before
(program 1.1.0
  [(lam anf_3
    [(lam generated_4
      (force
        [[[[[[(force (builtin chooseData)) generated_4]
          (delay
            (force
              [[(force (builtin trace)) (con string "unreachable")] (delay (con integer 0))]))]
          (delay
            (force
              [[(force (builtin trace)) (con string "unreachable")] (delay (con integer 0))]))]
          (delay
            (force
              [[(force (builtin trace)) (con string "unreachable")] (delay (con integer 0))]))]
          (delay (con integer 9))]
          (delay
            (force
              [[(force (builtin trace)) (con string "unreachable")] (delay (con integer 0))]))]))
      anf_3])
    [(builtin iData) (con bool True)]])
--- isolated UPLC after
(program 1.1.0 [(lam anf_3 (con integer 9)) [(builtin iData) (con bool True)]])
--- result
error: Runtime(TypeMismatch(Integer, Boolean(true)))
--- logs
[]
