---
source: crates/nash-report/src/syntax/expr.rs
expression: "snapshot(Expr::Func(&Func::IndentArg(1, 9), 1, 9), \"value = \")"
---
MISSING PATTERN
Region { start: Position { line: 1, column: 9 }, end: Position { line: 1, column: 9 } }

Expected an argument pattern after `\`.

Add an indented argument pattern.
