---
source: crates/nash-report/src/syntax/expr.rs
expression: "snapshot(Expr::Bytes(Bytes::Endless(nash_region::Position::new(1, 9)), 1, 12),\n\"value = #\\\"aa\")"
---
ENDLESS BYTE STRING
Region { start: Position { line: 1, column: 12 }, end: Position { line: 1, column: 12 } }

Expected `"` to close `#"`.

Add `"` here.
