---
source: crates/nash-report/src/syntax/tests.rs
description: "Code:\n\nf : (int, int\nf = 1"
---
nash::syntax::unclosed_delimiter

  × Expected `)` to close `(`.
   ╭─[src/Main.nash:1:14]
 1 │ f : (int, int
   ·     ┬        ┬
   ·     │        ╰── expected `)`
   ·     ╰── opened here
 2 │ f = 1
   ╰────
  help: Add `)` here.
