---
source: crates/nash-report/src/syntax/expr.rs
expression: "snapshot(Expr::Record(&Record::Expr(&Expr::OperatorReserved(BadOperator::Equals,\n1, 9), 1, 9), 1, 9), \"value = =\")"
---
UNEXPECTED SYMBOL
Region { start: Position { line: 1, column: 9 }, end: Position { line: 1, column: 10 } }

Unexpected `=` in expression.

Separate record fields with commas; use `==` for a comparison.
