---
source: crates/nash-report/src/syntax/expr.rs
expression: "snapshot(Expr::OperatorReserved(BadOperator::Dot, 1, 9), \"value = \")"
---
UNEXPECTED SYMBOL
Region { start: Position { line: 1, column: 9 }, end: Position { line: 1, column: 10 } }

I was not expecting this dot:

Dots are for record access, so they cannot float around on their own. Maybe
there is some extra whitespace?
