---
source: crates/nash-report/src/syntax/expr.rs
expression: "snapshot(Expr::Record(&Record::IndentEnd(1, 9), 1, 9), \"value = }\")"
---
NEED MORE INDENTATION
Region { start: Position { line: 1, column: 9 }, end: Position { line: 1, column: 9 } }

I was partway through parsing a record, but I got stuck here:

I need this curly brace to be indented more. Try adding some spaces before it!

    { name = "Nash"
      , age = 1
      }

Notice that each line starts with some indentation. Usually two or four spaces.
