---
source: crates/nash-report/src/syntax/variants.rs
description: "type box ('a Term) = Box"
---
nash::syntax

  × Expected `:` after the type parameter.
   ╭─[src/Main.nash:1:14]
 1 │ type box ('a Term) = Box
   ·              ─
   ╰────
  help: Write `('a : Storable)` to specify a representation bound.
