---
source: crates/nash-report/src/syntax/expr.rs
expression: "snapshot(Expr::Record(&Record::IndentEnd(1, 19), 1, 9),\n\"value = { name = 1\\n}\")"
---
UNCLOSED DELIMITER
Region { start: Position { line: 2, column: 1 }, end: Position { line: 2, column: 1 } }

Closing `}` is underindented.

Indent `}` to continue this construct.
