---
source: crates/nash-report/src/syntax/expr.rs
expression: "snapshot(Expr::Let(&Let::Def(\"x\", &Def::NameRepeat(1, 9), 1, 9), 1, 9),\n\"value = \")"
---
MISSING DEFINITION
Region { start: Position { line: 1, column: 9 }, end: Position { line: 1, column: 9 } }

Expected the definition of `x` after its annotation.

Repeat the annotated name and add its arguments and body.
