---
source: crates/nash-report/src/syntax/variants.rs
expression: "render_plain(&report, &source, \"src/Main.nash\")"
---
nash::diagnostic

  × I was partway through parsing a `do` block, but I got stuck here:
   ╭─[src/Main.nash:1:3]
 1 │ f = value
   ·   ─
   ╰────
  help: A `do` block must end with an expression. Add the final expression after this
        binding.
