---
source: crates/nash-can/src/module.rs
description: "Code:\n\nmodule Main exposing (Foo, Foo)\n\ntype alias Foo = Int\n"
---
[
    ExportDuplicate {
        name: "Foo",
        first: Region {
            start: Position {
                line: 1,
                column: 23,
            },
            end: Position {
                line: 1,
                column: 26,
            },
        },
        second: Region {
            start: Position {
                line: 1,
                column: 28,
            },
            end: Position {
                line: 1,
                column: 31,
            },
        },
    },
]
