---
source: crates/nash-config/src/parse.rs
description: "{\"type\":\"application\",\"optimize\":1,\"traceLevel\":\"verbose\",\"compilerTraces\":true}"
---
{
  "type": "application",
  "traceLevel": "verbose",
  "compilerTraces": true,
  "sourceDirectories": [
    "src"
  ],
  "dependencies": {},
  "testDependencies": {}
}
