---
source: crates/nash-parse/src/type_.rs
description: "Code:\n\n(Eq 'a, 'b) => 'a"
info: diagnostic
---
nash::syntax

  × Invalid type constraint.
   ╭─[src/Main.nash:1:1]
 1 │ (Eq 'a, 'b) => 'a
   · ─
   ╰────
  help: Write `Trait args => type`; enclose multiple constraints in parentheses,
        separated by commas.
