---
source: crates/nash-parse/src/tests_block.rs
description: "Code:\n\nmodule Main exposing (..)\n\ntests\n    test \"t\" =\n        assert True\n"
info: diagnostic
---
nash::syntax

  × Expected a do block for the test body.
   ╭─[src/Main.nash:5:9]
 3 │ tests
 4 │     test "t" =
 5 │         assert True
   ·         ─
   ╰────
  help: Write `do` and indent its statements.
