---
source: crates/nash-parse/src/tests_block.rs
description: "Code:\n\nmodule Main exposing (main)\n\nmain = 1\n\ntests\n    import Fuzz exposing (int, listOf)\n\n    test \"lt is strict\" = do\n        assert (not (lt 1 1))\n\n    test \"fails\" fail = do\n        assert (1 / 0 == 0)\n\n    test \"budget\" within (cpu 1000, mem 50) = do\n        assert True\n\n    prop \"antisym\" fail once within (mem 5) =\n        let\n            a via int\n            b via int\n        in\n        do\n            label \"x\"\n            assert (compare a b == invert (compare b a))\n\n    prop \"sorted\" =\n        let xs via listOf int in\n        do\n            let\n                ys = sort xs\n            n <- length ys\n            assert (n == length xs)\n"
---
Module {
    kind: Normal,
    name: Some(
        Located {
            region: Region {
                start: Position {
                    line: 1,
                    column: 8,
                },
                end: Position {
                    line: 1,
                    column: 12,
                },
            },
            value: "Main",
        },
    ),
    exports: Located {
        region: Region {
            start: Position {
                line: 1,
                column: 22,
            },
            end: Position {
                line: 1,
                column: 28,
            },
        },
        value: Explicit(
            [
                Lower(
                    Located {
                        region: Region {
                            start: Position {
                                line: 1,
                                column: 23,
                            },
                            end: Position {
                                line: 1,
                                column: 27,
                            },
                        },
                        value: "main",
                    },
                ),
            ],
        ),
    },
    docs: NoDocs(
        Region {
            start: Position {
                line: 1,
                column: 1,
            },
            end: Position {
                line: 33,
                column: 1,
            },
        },
    ),
    imports: [],
    values: [
        Located {
            region: Region {
                start: Position {
                    line: 3,
                    column: 1,
                },
                end: Position {
                    line: 5,
                    column: 1,
                },
            },
            value: Value {
                name: Located {
                    region: Region {
                        start: Position {
                            line: 3,
                            column: 1,
                        },
                        end: Position {
                            line: 3,
                            column: 5,
                        },
                    },
                    value: "main",
                },
                arguments: [],
                body: Located {
                    region: Region {
                        start: Position {
                            line: 3,
                            column: 8,
                        },
                        end: Position {
                            line: 3,
                            column: 9,
                        },
                    },
                    value: Int(
                        1,
                    ),
                },
                annotation: None,
                attributes: [],
            },
        },
    ],
    unions: [],
    aliases: [],
    traits: [],
    impls: [],
    tests: Some(
        Tests {
            imports: [
                Import {
                    import: Located {
                        region: Region {
                            start: Position {
                                line: 6,
                                column: 12,
                            },
                            end: Position {
                                line: 6,
                                column: 16,
                            },
                        },
                        value: "Fuzz",
                    },
                    alias: None,
                    exposing: Explicit(
                        [
                            Lower(
                                Located {
                                    region: Region {
                                        start: Position {
                                            line: 6,
                                            column: 27,
                                        },
                                        end: Position {
                                            line: 6,
                                            column: 30,
                                        },
                                    },
                                    value: "int",
                                },
                            ),
                            Lower(
                                Located {
                                    region: Region {
                                        start: Position {
                                            line: 6,
                                            column: 32,
                                        },
                                        end: Position {
                                            line: 6,
                                            column: 38,
                                        },
                                    },
                                    value: "listOf",
                                },
                            ),
                        ],
                    ),
                },
            ],
            tests: [
                Located {
                    region: Region {
                        start: Position {
                            line: 8,
                            column: 5,
                        },
                        end: Position {
                            line: 9,
                            column: 30,
                        },
                    },
                    value: Test {
                        name: Located {
                            region: Region {
                                start: Position {
                                    line: 8,
                                    column: 10,
                                },
                                end: Position {
                                    line: 8,
                                    column: 24,
                                },
                            },
                            value: "lt is strict",
                        },
                        expect: Pass,
                        budget: None,
                        body: Unit(
                            Block {
                                stmts: [],
                                last: Located {
                                    region: Region {
                                        start: Position {
                                            line: 9,
                                            column: 9,
                                        },
                                        end: Position {
                                            line: 9,
                                            column: 30,
                                        },
                                    },
                                    value: Assert(
                                        Located {
                                            region: Region {
                                                start: Position {
                                                    line: 9,
                                                    column: 17,
                                                },
                                                end: Position {
                                                    line: 9,
                                                    column: 28,
                                                },
                                            },
                                            value: Call {
                                                function: Located {
                                                    region: Region {
                                                        start: Position {
                                                            line: 9,
                                                            column: 17,
                                                        },
                                                        end: Position {
                                                            line: 9,
                                                            column: 20,
                                                        },
                                                    },
                                                    value: Var {
                                                        kind: LowVar,
                                                        name: "not",
                                                    },
                                                },
                                                arguments: [
                                                    Located {
                                                        region: Region {
                                                            start: Position {
                                                                line: 9,
                                                                column: 22,
                                                            },
                                                            end: Position {
                                                                line: 9,
                                                                column: 28,
                                                            },
                                                        },
                                                        value: Call {
                                                            function: Located {
                                                                region: Region {
                                                                    start: Position {
                                                                        line: 9,
                                                                        column: 22,
                                                                    },
                                                                    end: Position {
                                                                        line: 9,
                                                                        column: 24,
                                                                    },
                                                                },
                                                                value: Var {
                                                                    kind: LowVar,
                                                                    name: "lt",
                                                                },
                                                            },
                                                            arguments: [
                                                                Located {
                                                                    region: Region {
                                                                        start: Position {
                                                                            line: 9,
                                                                            column: 25,
                                                                        },
                                                                        end: Position {
                                                                            line: 9,
                                                                            column: 26,
                                                                        },
                                                                    },
                                                                    value: Int(
                                                                        1,
                                                                    ),
                                                                },
                                                                Located {
                                                                    region: Region {
                                                                        start: Position {
                                                                            line: 9,
                                                                            column: 27,
                                                                        },
                                                                        end: Position {
                                                                            line: 9,
                                                                            column: 28,
                                                                        },
                                                                    },
                                                                    value: Int(
                                                                        1,
                                                                    ),
                                                                },
                                                            ],
                                                        },
                                                    },
                                                ],
                                            },
                                        },
                                    ),
                                },
                            },
                        ),
                    },
                },
                Located {
                    region: Region {
                        start: Position {
                            line: 11,
                            column: 5,
                        },
                        end: Position {
                            line: 12,
                            column: 28,
                        },
                    },
                    value: Test {
                        name: Located {
                            region: Region {
                                start: Position {
                                    line: 11,
                                    column: 10,
                                },
                                end: Position {
                                    line: 11,
                                    column: 17,
                                },
                            },
                            value: "fails",
                        },
                        expect: Fail,
                        budget: None,
                        body: Unit(
                            Block {
                                stmts: [],
                                last: Located {
                                    region: Region {
                                        start: Position {
                                            line: 12,
                                            column: 9,
                                        },
                                        end: Position {
                                            line: 12,
                                            column: 28,
                                        },
                                    },
                                    value: Assert(
                                        Located {
                                            region: Region {
                                                start: Position {
                                                    line: 12,
                                                    column: 17,
                                                },
                                                end: Position {
                                                    line: 12,
                                                    column: 27,
                                                },
                                            },
                                            value: BinOps {
                                                operands: [
                                                    BinOpOperand {
                                                        expr: Located {
                                                            region: Region {
                                                                start: Position {
                                                                    line: 12,
                                                                    column: 17,
                                                                },
                                                                end: Position {
                                                                    line: 12,
                                                                    column: 18,
                                                                },
                                                            },
                                                            value: Int(
                                                                1,
                                                            ),
                                                        },
                                                        op: Located {
                                                            region: Region {
                                                                start: Position {
                                                                    line: 12,
                                                                    column: 19,
                                                                },
                                                                end: Position {
                                                                    line: 12,
                                                                    column: 20,
                                                                },
                                                            },
                                                            value: "/",
                                                        },
                                                    },
                                                    BinOpOperand {
                                                        expr: Located {
                                                            region: Region {
                                                                start: Position {
                                                                    line: 12,
                                                                    column: 21,
                                                                },
                                                                end: Position {
                                                                    line: 12,
                                                                    column: 22,
                                                                },
                                                            },
                                                            value: Int(
                                                                0,
                                                            ),
                                                        },
                                                        op: Located {
                                                            region: Region {
                                                                start: Position {
                                                                    line: 12,
                                                                    column: 23,
                                                                },
                                                                end: Position {
                                                                    line: 12,
                                                                    column: 25,
                                                                },
                                                            },
                                                            value: "==",
                                                        },
                                                    },
                                                ],
                                                last: Located {
                                                    region: Region {
                                                        start: Position {
                                                            line: 12,
                                                            column: 26,
                                                        },
                                                        end: Position {
                                                            line: 12,
                                                            column: 27,
                                                        },
                                                    },
                                                    value: Int(
                                                        0,
                                                    ),
                                                },
                                            },
                                        },
                                    ),
                                },
                            },
                        ),
                    },
                },
                Located {
                    region: Region {
                        start: Position {
                            line: 14,
                            column: 5,
                        },
                        end: Position {
                            line: 15,
                            column: 20,
                        },
                    },
                    value: Test {
                        name: Located {
                            region: Region {
                                start: Position {
                                    line: 14,
                                    column: 10,
                                },
                                end: Position {
                                    line: 14,
                                    column: 18,
                                },
                            },
                            value: "budget",
                        },
                        expect: Pass,
                        budget: Some(
                            Both {
                                cpu: 1000,
                                mem: 50,
                            },
                        ),
                        body: Unit(
                            Block {
                                stmts: [],
                                last: Located {
                                    region: Region {
                                        start: Position {
                                            line: 15,
                                            column: 9,
                                        },
                                        end: Position {
                                            line: 15,
                                            column: 20,
                                        },
                                    },
                                    value: Assert(
                                        Located {
                                            region: Region {
                                                start: Position {
                                                    line: 15,
                                                    column: 16,
                                                },
                                                end: Position {
                                                    line: 15,
                                                    column: 20,
                                                },
                                            },
                                            value: Var {
                                                kind: CapVar,
                                                name: "True",
                                            },
                                        },
                                    ),
                                },
                            },
                        ),
                    },
                },
                Located {
                    region: Region {
                        start: Position {
                            line: 17,
                            column: 5,
                        },
                        end: Position {
                            line: 24,
                            column: 57,
                        },
                    },
                    value: Test {
                        name: Located {
                            region: Region {
                                start: Position {
                                    line: 17,
                                    column: 10,
                                },
                                end: Position {
                                    line: 17,
                                    column: 19,
                                },
                            },
                            value: "antisym",
                        },
                        expect: FailOnce,
                        budget: Some(
                            Mem(
                                5,
                            ),
                        ),
                        body: Prop {
                            binders: [
                                Located {
                                    region: Region {
                                        start: Position {
                                            line: 19,
                                            column: 13,
                                        },
                                        end: Position {
                                            line: 19,
                                            column: 22,
                                        },
                                    },
                                    value: ViaBinder {
                                        pattern: Located {
                                            region: Region {
                                                start: Position {
                                                    line: 19,
                                                    column: 13,
                                                },
                                                end: Position {
                                                    line: 19,
                                                    column: 14,
                                                },
                                            },
                                            value: Var(
                                                "a",
                                            ),
                                        },
                                        fuzzer: Located {
                                            region: Region {
                                                start: Position {
                                                    line: 19,
                                                    column: 19,
                                                },
                                                end: Position {
                                                    line: 19,
                                                    column: 22,
                                                },
                                            },
                                            value: Var {
                                                kind: LowVar,
                                                name: "int",
                                            },
                                        },
                                    },
                                },
                                Located {
                                    region: Region {
                                        start: Position {
                                            line: 20,
                                            column: 13,
                                        },
                                        end: Position {
                                            line: 20,
                                            column: 22,
                                        },
                                    },
                                    value: ViaBinder {
                                        pattern: Located {
                                            region: Region {
                                                start: Position {
                                                    line: 20,
                                                    column: 13,
                                                },
                                                end: Position {
                                                    line: 20,
                                                    column: 14,
                                                },
                                            },
                                            value: Var(
                                                "b",
                                            ),
                                        },
                                        fuzzer: Located {
                                            region: Region {
                                                start: Position {
                                                    line: 20,
                                                    column: 19,
                                                },
                                                end: Position {
                                                    line: 20,
                                                    column: 22,
                                                },
                                            },
                                            value: Var {
                                                kind: LowVar,
                                                name: "int",
                                            },
                                        },
                                    },
                                },
                            ],
                            body: Block {
                                stmts: [
                                    Located {
                                        region: Region {
                                            start: Position {
                                                line: 23,
                                                column: 13,
                                            },
                                            end: Position {
                                                line: 23,
                                                column: 22,
                                            },
                                        },
                                        value: Expr(
                                            Located {
                                                region: Region {
                                                    start: Position {
                                                        line: 23,
                                                        column: 13,
                                                    },
                                                    end: Position {
                                                        line: 23,
                                                        column: 22,
                                                    },
                                                },
                                                value: Call {
                                                    function: Located {
                                                        region: Region {
                                                            start: Position {
                                                                line: 23,
                                                                column: 13,
                                                            },
                                                            end: Position {
                                                                line: 23,
                                                                column: 18,
                                                            },
                                                        },
                                                        value: Var {
                                                            kind: LowVar,
                                                            name: "label",
                                                        },
                                                    },
                                                    arguments: [
                                                        Located {
                                                            region: Region {
                                                                start: Position {
                                                                    line: 23,
                                                                    column: 19,
                                                                },
                                                                end: Position {
                                                                    line: 23,
                                                                    column: 22,
                                                                },
                                                            },
                                                            value: Str(
                                                                "x",
                                                            ),
                                                        },
                                                    ],
                                                },
                                            },
                                        ),
                                    },
                                ],
                                last: Located {
                                    region: Region {
                                        start: Position {
                                            line: 24,
                                            column: 13,
                                        },
                                        end: Position {
                                            line: 24,
                                            column: 57,
                                        },
                                    },
                                    value: Assert(
                                        Located {
                                            region: Region {
                                                start: Position {
                                                    line: 24,
                                                    column: 21,
                                                },
                                                end: Position {
                                                    line: 24,
                                                    column: 56,
                                                },
                                            },
                                            value: BinOps {
                                                operands: [
                                                    BinOpOperand {
                                                        expr: Located {
                                                            region: Region {
                                                                start: Position {
                                                                    line: 24,
                                                                    column: 21,
                                                                },
                                                                end: Position {
                                                                    line: 24,
                                                                    column: 32,
                                                                },
                                                            },
                                                            value: Call {
                                                                function: Located {
                                                                    region: Region {
                                                                        start: Position {
                                                                            line: 24,
                                                                            column: 21,
                                                                        },
                                                                        end: Position {
                                                                            line: 24,
                                                                            column: 28,
                                                                        },
                                                                    },
                                                                    value: Var {
                                                                        kind: LowVar,
                                                                        name: "compare",
                                                                    },
                                                                },
                                                                arguments: [
                                                                    Located {
                                                                        region: Region {
                                                                            start: Position {
                                                                                line: 24,
                                                                                column: 29,
                                                                            },
                                                                            end: Position {
                                                                                line: 24,
                                                                                column: 30,
                                                                            },
                                                                        },
                                                                        value: Var {
                                                                            kind: LowVar,
                                                                            name: "a",
                                                                        },
                                                                    },
                                                                    Located {
                                                                        region: Region {
                                                                            start: Position {
                                                                                line: 24,
                                                                                column: 31,
                                                                            },
                                                                            end: Position {
                                                                                line: 24,
                                                                                column: 32,
                                                                            },
                                                                        },
                                                                        value: Var {
                                                                            kind: LowVar,
                                                                            name: "b",
                                                                        },
                                                                    },
                                                                ],
                                                            },
                                                        },
                                                        op: Located {
                                                            region: Region {
                                                                start: Position {
                                                                    line: 24,
                                                                    column: 33,
                                                                },
                                                                end: Position {
                                                                    line: 24,
                                                                    column: 35,
                                                                },
                                                            },
                                                            value: "==",
                                                        },
                                                    },
                                                ],
                                                last: Located {
                                                    region: Region {
                                                        start: Position {
                                                            line: 24,
                                                            column: 36,
                                                        },
                                                        end: Position {
                                                            line: 24,
                                                            column: 55,
                                                        },
                                                    },
                                                    value: Call {
                                                        function: Located {
                                                            region: Region {
                                                                start: Position {
                                                                    line: 24,
                                                                    column: 36,
                                                                },
                                                                end: Position {
                                                                    line: 24,
                                                                    column: 42,
                                                                },
                                                            },
                                                            value: Var {
                                                                kind: LowVar,
                                                                name: "invert",
                                                            },
                                                        },
                                                        arguments: [
                                                            Located {
                                                                region: Region {
                                                                    start: Position {
                                                                        line: 24,
                                                                        column: 44,
                                                                    },
                                                                    end: Position {
                                                                        line: 24,
                                                                        column: 55,
                                                                    },
                                                                },
                                                                value: Call {
                                                                    function: Located {
                                                                        region: Region {
                                                                            start: Position {
                                                                                line: 24,
                                                                                column: 44,
                                                                            },
                                                                            end: Position {
                                                                                line: 24,
                                                                                column: 51,
                                                                            },
                                                                        },
                                                                        value: Var {
                                                                            kind: LowVar,
                                                                            name: "compare",
                                                                        },
                                                                    },
                                                                    arguments: [
                                                                        Located {
                                                                            region: Region {
                                                                                start: Position {
                                                                                    line: 24,
                                                                                    column: 52,
                                                                                },
                                                                                end: Position {
                                                                                    line: 24,
                                                                                    column: 53,
                                                                                },
                                                                            },
                                                                            value: Var {
                                                                                kind: LowVar,
                                                                                name: "b",
                                                                            },
                                                                        },
                                                                        Located {
                                                                            region: Region {
                                                                                start: Position {
                                                                                    line: 24,
                                                                                    column: 54,
                                                                                },
                                                                                end: Position {
                                                                                    line: 24,
                                                                                    column: 55,
                                                                                },
                                                                            },
                                                                            value: Var {
                                                                                kind: LowVar,
                                                                                name: "a",
                                                                            },
                                                                        },
                                                                    ],
                                                                },
                                                            },
                                                        ],
                                                    },
                                                },
                                            },
                                        },
                                    ),
                                },
                            },
                        },
                    },
                },
                Located {
                    region: Region {
                        start: Position {
                            line: 26,
                            column: 5,
                        },
                        end: Position {
                            line: 32,
                            column: 36,
                        },
                    },
                    value: Test {
                        name: Located {
                            region: Region {
                                start: Position {
                                    line: 26,
                                    column: 10,
                                },
                                end: Position {
                                    line: 26,
                                    column: 18,
                                },
                            },
                            value: "sorted",
                        },
                        expect: Pass,
                        budget: None,
                        body: Prop {
                            binders: [
                                Located {
                                    region: Region {
                                        start: Position {
                                            line: 27,
                                            column: 13,
                                        },
                                        end: Position {
                                            line: 27,
                                            column: 30,
                                        },
                                    },
                                    value: ViaBinder {
                                        pattern: Located {
                                            region: Region {
                                                start: Position {
                                                    line: 27,
                                                    column: 13,
                                                },
                                                end: Position {
                                                    line: 27,
                                                    column: 15,
                                                },
                                            },
                                            value: Var(
                                                "xs",
                                            ),
                                        },
                                        fuzzer: Located {
                                            region: Region {
                                                start: Position {
                                                    line: 27,
                                                    column: 20,
                                                },
                                                end: Position {
                                                    line: 27,
                                                    column: 30,
                                                },
                                            },
                                            value: Call {
                                                function: Located {
                                                    region: Region {
                                                        start: Position {
                                                            line: 27,
                                                            column: 20,
                                                        },
                                                        end: Position {
                                                            line: 27,
                                                            column: 26,
                                                        },
                                                    },
                                                    value: Var {
                                                        kind: LowVar,
                                                        name: "listOf",
                                                    },
                                                },
                                                arguments: [
                                                    Located {
                                                        region: Region {
                                                            start: Position {
                                                                line: 27,
                                                                column: 27,
                                                            },
                                                            end: Position {
                                                                line: 27,
                                                                column: 30,
                                                            },
                                                        },
                                                        value: Var {
                                                            kind: LowVar,
                                                            name: "int",
                                                        },
                                                    },
                                                ],
                                            },
                                        },
                                    },
                                },
                            ],
                            body: Block {
                                stmts: [
                                    Located {
                                        region: Region {
                                            start: Position {
                                                line: 29,
                                                column: 13,
                                            },
                                            end: Position {
                                                line: 30,
                                                column: 29,
                                            },
                                        },
                                        value: Let(
                                            [
                                                Located {
                                                    region: Region {
                                                        start: Position {
                                                            line: 30,
                                                            column: 17,
                                                        },
                                                        end: Position {
                                                            line: 31,
                                                            column: 13,
                                                        },
                                                    },
                                                    value: Define {
                                                        name: Located {
                                                            region: Region {
                                                                start: Position {
                                                                    line: 30,
                                                                    column: 17,
                                                                },
                                                                end: Position {
                                                                    line: 30,
                                                                    column: 19,
                                                                },
                                                            },
                                                            value: "ys",
                                                        },
                                                        args: [],
                                                        body: Located {
                                                            region: Region {
                                                                start: Position {
                                                                    line: 30,
                                                                    column: 22,
                                                                },
                                                                end: Position {
                                                                    line: 30,
                                                                    column: 29,
                                                                },
                                                            },
                                                            value: Call {
                                                                function: Located {
                                                                    region: Region {
                                                                        start: Position {
                                                                            line: 30,
                                                                            column: 22,
                                                                        },
                                                                        end: Position {
                                                                            line: 30,
                                                                            column: 26,
                                                                        },
                                                                    },
                                                                    value: Var {
                                                                        kind: LowVar,
                                                                        name: "sort",
                                                                    },
                                                                },
                                                                arguments: [
                                                                    Located {
                                                                        region: Region {
                                                                            start: Position {
                                                                                line: 30,
                                                                                column: 27,
                                                                            },
                                                                            end: Position {
                                                                                line: 30,
                                                                                column: 29,
                                                                            },
                                                                        },
                                                                        value: Var {
                                                                            kind: LowVar,
                                                                            name: "xs",
                                                                        },
                                                                    },
                                                                ],
                                                            },
                                                        },
                                                        annotation: None,
                                                    },
                                                },
                                            ],
                                        ),
                                    },
                                    Located {
                                        region: Region {
                                            start: Position {
                                                line: 31,
                                                column: 13,
                                            },
                                            end: Position {
                                                line: 31,
                                                column: 27,
                                            },
                                        },
                                        value: Bind {
                                            pattern: Located {
                                                region: Region {
                                                    start: Position {
                                                        line: 31,
                                                        column: 13,
                                                    },
                                                    end: Position {
                                                        line: 31,
                                                        column: 14,
                                                    },
                                                },
                                                value: Var(
                                                    "n",
                                                ),
                                            },
                                            expr: Located {
                                                region: Region {
                                                    start: Position {
                                                        line: 31,
                                                        column: 18,
                                                    },
                                                    end: Position {
                                                        line: 31,
                                                        column: 27,
                                                    },
                                                },
                                                value: Call {
                                                    function: Located {
                                                        region: Region {
                                                            start: Position {
                                                                line: 31,
                                                                column: 18,
                                                            },
                                                            end: Position {
                                                                line: 31,
                                                                column: 24,
                                                            },
                                                        },
                                                        value: Var {
                                                            kind: LowVar,
                                                            name: "length",
                                                        },
                                                    },
                                                    arguments: [
                                                        Located {
                                                            region: Region {
                                                                start: Position {
                                                                    line: 31,
                                                                    column: 25,
                                                                },
                                                                end: Position {
                                                                    line: 31,
                                                                    column: 27,
                                                                },
                                                            },
                                                            value: Var {
                                                                kind: LowVar,
                                                                name: "ys",
                                                            },
                                                        },
                                                    ],
                                                },
                                            },
                                        },
                                    },
                                ],
                                last: Located {
                                    region: Region {
                                        start: Position {
                                            line: 32,
                                            column: 13,
                                        },
                                        end: Position {
                                            line: 32,
                                            column: 36,
                                        },
                                    },
                                    value: Assert(
                                        Located {
                                            region: Region {
                                                start: Position {
                                                    line: 32,
                                                    column: 21,
                                                },
                                                end: Position {
                                                    line: 32,
                                                    column: 35,
                                                },
                                            },
                                            value: BinOps {
                                                operands: [
                                                    BinOpOperand {
                                                        expr: Located {
                                                            region: Region {
                                                                start: Position {
                                                                    line: 32,
                                                                    column: 21,
                                                                },
                                                                end: Position {
                                                                    line: 32,
                                                                    column: 22,
                                                                },
                                                            },
                                                            value: Var {
                                                                kind: LowVar,
                                                                name: "n",
                                                            },
                                                        },
                                                        op: Located {
                                                            region: Region {
                                                                start: Position {
                                                                    line: 32,
                                                                    column: 23,
                                                                },
                                                                end: Position {
                                                                    line: 32,
                                                                    column: 25,
                                                                },
                                                            },
                                                            value: "==",
                                                        },
                                                    },
                                                ],
                                                last: Located {
                                                    region: Region {
                                                        start: Position {
                                                            line: 32,
                                                            column: 26,
                                                        },
                                                        end: Position {
                                                            line: 32,
                                                            column: 35,
                                                        },
                                                    },
                                                    value: Call {
                                                        function: Located {
                                                            region: Region {
                                                                start: Position {
                                                                    line: 32,
                                                                    column: 26,
                                                                },
                                                                end: Position {
                                                                    line: 32,
                                                                    column: 32,
                                                                },
                                                            },
                                                            value: Var {
                                                                kind: LowVar,
                                                                name: "length",
                                                            },
                                                        },
                                                        arguments: [
                                                            Located {
                                                                region: Region {
                                                                    start: Position {
                                                                        line: 32,
                                                                        column: 33,
                                                                    },
                                                                    end: Position {
                                                                        line: 32,
                                                                        column: 35,
                                                                    },
                                                                },
                                                                value: Var {
                                                                    kind: LowVar,
                                                                    name: "xs",
                                                                },
                                                            },
                                                        ],
                                                    },
                                                },
                                            },
                                        },
                                    ),
                                },
                            },
                        },
                    },
                },
            ],
        },
    ),
    binops: [],
}
