---
source: crates/nash-can/tests/impls.rs
description: "module Main exposing (..)\ntrait Keep 'a where\n    keep : 'a -> 'a\nimpl Keep 'a where\n    keep x = x\n\n\nmodule Main exposing (..)\ntrait Keep 'a where\n    keep : 'a -> 'a\nimpl Keep ('a : Big) where\n    keep x = x\n\n\nmodule Main exposing (..)\ntrait Keep 'a where\n    keep : 'a -> 'a\nimpl Keep ('a -> 'b) where\n    keep x = x\n\n\nmodule Main exposing (..)\ntrait Keep 'a where\n    keep : 'a -> 'a\nimpl Keep (('a -> 'b) : Term) where\n    keep x = x\n\n\nmodule Main exposing (..)\ntrait Keep 'a where\n    keep : 'a -> 'a\nimpl Keep { value : 'a } where\n    keep x = x\n\n\nmodule Main exposing (..)\ntrait Keep 'a where\n    keep : 'a -> 'a\nimpl Keep ('f 'a) where\n    keep x = x\n"
---
[
    (
        "'a",
        [
            BadInstanceHead {
                region: Region {
                    start: Position {
                        line: 4,
                        column: 11,
                    },
                    end: Position {
                        line: 4,
                        column: 13,
                    },
                },
                reason: BareVariable,
            },
        ],
    ),
    (
        "('a : Big)",
        [
            BadInstanceHead {
                region: Region {
                    start: Position {
                        line: 4,
                        column: 11,
                    },
                    end: Position {
                        line: 4,
                        column: 21,
                    },
                },
                reason: BareVariable,
            },
        ],
    ),
    (
        "('a -> 'b)",
        [
            BadInstanceHead {
                region: Region {
                    start: Position {
                        line: 4,
                        column: 12,
                    },
                    end: Position {
                        line: 4,
                        column: 20,
                    },
                },
                reason: Function,
            },
        ],
    ),
    (
        "(('a -> 'b) : Term)",
        [
            BadInstanceHead {
                region: Region {
                    start: Position {
                        line: 4,
                        column: 11,
                    },
                    end: Position {
                        line: 4,
                        column: 30,
                    },
                },
                reason: Function,
            },
        ],
    ),
    (
        "{ value : 'a }",
        [
            BadInstanceHead {
                region: Region {
                    start: Position {
                        line: 4,
                        column: 11,
                    },
                    end: Position {
                        line: 4,
                        column: 25,
                    },
                },
                reason: Record,
            },
        ],
    ),
    (
        "('f 'a)",
        [
            BadInstanceHead {
                region: Region {
                    start: Position {
                        line: 4,
                        column: 12,
                    },
                    end: Position {
                        line: 4,
                        column: 17,
                    },
                },
                reason: VariableApplication,
            },
        ],
    ),
]
