---
source: crates/nash-can/tests/impls.rs
description: "module Lift exposing (Lift)\ntrait Lift 'small 'big where\n    lift : 'small -> 'big\n    lower : 'big -> 'small\n\n\nmodule Main exposing (..)\nimport Lift exposing (Lift)\nimport Builtin exposing (List)\nimpl Lift (List 'a) (List 'b) where\n    lift x = x\n    lower x = x\n"
---
[
    OrphanImpl {
        region: Region {
            start: Position {
                line: 4,
                column: 1,
            },
            end: Position {
                line: 6,
                column: 16,
            },
        },
        trait_: QualifiedName {
            home: ModuleName {
                package: Some(
                    PackageName {
                        author: "nash",
                        project: "core",
                    },
                ),
                name: "Lift",
            },
            name: "Lift",
        },
        heads: [
            Named(
                QualifiedName {
                    home: ModuleName {
                        package: Some(
                            PackageName {
                                author: "nash",
                                project: "core",
                            },
                        ),
                        name: "Builtin",
                    },
                    name: "List",
                },
            ),
            Named(
                QualifiedName {
                    home: ModuleName {
                        package: Some(
                            PackageName {
                                author: "nash",
                                project: "core",
                            },
                        ),
                        name: "Builtin",
                    },
                    name: "List",
                },
            ),
        ],
    },
]
