---
source: crates/nash-can/tests/impls.rs
expression: result.unwrap_err()
---
[
    OverlappingImpls {
        key: ImplKey {
            trait_: QualifiedName {
                home: ModuleName {
                    package: None,
                    name: "Keep",
                },
                name: "Keep",
            },
            heads: [
                Tuple(
                    [
                        Named {
                            reference: QualifiedName {
                                home: ModuleName {
                                    package: Some(
                                        PackageName {
                                            author: "nash",
                                            project: "core",
                                        },
                                    ),
                                    name: "Builtin",
                                },
                                name: "list",
                            },
                            args: [
                                Named {
                                    reference: QualifiedName {
                                        home: ModuleName {
                                            package: Some(
                                                PackageName {
                                                    author: "nash",
                                                    project: "core",
                                                },
                                            ),
                                            name: "Builtin",
                                        },
                                        name: "int",
                                    },
                                    args: [],
                                },
                            ],
                        },
                        Named {
                            reference: QualifiedName {
                                home: ModuleName {
                                    package: Some(
                                        PackageName {
                                            author: "nash",
                                            project: "core",
                                        },
                                    ),
                                    name: "Builtin",
                                },
                                name: "list",
                            },
                            args: [
                                Named {
                                    reference: QualifiedName {
                                        home: ModuleName {
                                            package: Some(
                                                PackageName {
                                                    author: "nash",
                                                    project: "core",
                                                },
                                            ),
                                            name: "Builtin",
                                        },
                                        name: "int",
                                    },
                                    args: [],
                                },
                            ],
                        },
                    ],
                ),
            ],
            kinds: ValueKinds {
                bounds: [],
                kinds: [],
                applications: [],
            },
        },
        first: Region {
            start: Position {
                line: 3,
                column: 1,
            },
            end: Position {
                line: 4,
                column: 15,
            },
        },
        second: Region {
            start: Position {
                line: 3,
                column: 1,
            },
            end: Position {
                line: 4,
                column: 15,
            },
        },
        first_home: ModuleName {
            package: Some(
                PackageName {
                    author: "nash",
                    project: "core",
                },
            ),
            name: "First",
        },
        second_home: ModuleName {
            package: Some(
                PackageName {
                    author: "nash",
                    project: "core",
                },
            ),
            name: "Second",
        },
    },
]
