---
source: crates/nash-can/tests/impls.rs
description: "module Main exposing (..)\ntype Color = Red\ntrait Eq 'a where\n    eq : 'a -> 'a\ntrait Eq 'a => Ord 'a where\n    compare : 'a -> 'a\nimpl Eq Color => Eq Color where\n    eq x = x\nimpl Ord Color where\n    compare x = x\n"
---
[
    MissingSuperclass {
        region: Region {
            start: Position {
                line: 9,
                column: 1,
            },
            end: Position {
                line: 10,
                column: 18,
            },
        },
        trait_: QualifiedName {
            home: ModuleName {
                package: None,
                name: "Main",
            },
            name: "Ord",
        },
        heads: [
            Located {
                region: Region {
                    start: Position {
                        line: 9,
                        column: 10,
                    },
                    end: Position {
                        line: 9,
                        column: 15,
                    },
                },
                value: Named {
                    reference: QualifiedName {
                        home: ModuleName {
                            package: None,
                            name: "Main",
                        },
                        name: "Color",
                    },
                    args: [],
                },
            },
        ],
        superclass: Trait {
            trait_: QualifiedName {
                home: ModuleName {
                    package: None,
                    name: "Main",
                },
                name: "Eq",
            },
            args: [
                Located {
                    region: Region {
                        start: Position {
                            line: 9,
                            column: 10,
                        },
                        end: Position {
                            line: 9,
                            column: 15,
                        },
                    },
                    value: Named {
                        reference: QualifiedName {
                            home: ModuleName {
                                package: None,
                                name: "Main",
                            },
                            name: "Color",
                        },
                        args: [],
                    },
                },
            ],
        },
        index: 0,
        reason: Cycle,
    },
]
