---
source: crates/nash-can/tests/kinds.rs
description: "type box 'f = Box ('f int)\ntype alias pairAlias 'a 'b = pair 'a 'b\ntype alias withList = box list\ntype alias withPair = box (pair int)\ntype alias withAlias = box (pairAlias int)"
---
(
    [
        (
            "box",
            KindScheme {
                bounds: [
                    KindSet(
                        8,
                    ),
                    KindSet(
                        7,
                    ),
                ],
                kind: Arrow(
                    Var(
                        0,
                    ),
                    Base(
                        Term,
                    ),
                ),
                applications: [
                    KindApplication {
                        head: Var(
                            0,
                        ),
                        argument: Base(
                            Const,
                        ),
                        result: Var(
                            1,
                        ),
                    },
                ],
            },
        ),
    ],
    [
        (
            "pairAlias",
            KindScheme {
                bounds: [
                    KindSet(
                        3,
                    ),
                    KindSet(
                        3,
                    ),
                ],
                kind: Arrow(
                    Var(
                        0,
                    ),
                    Arrow(
                        Var(
                            1,
                        ),
                        Base(
                            Const,
                        ),
                    ),
                ),
                applications: [],
            },
        ),
        (
            "withList",
            KindScheme {
                bounds: [],
                kind: Base(
                    Term,
                ),
                applications: [],
            },
        ),
        (
            "withPair",
            KindScheme {
                bounds: [],
                kind: Base(
                    Term,
                ),
                applications: [],
            },
        ),
        (
            "withAlias",
            KindScheme {
                bounds: [],
                kind: Base(
                    Term,
                ),
                applications: [],
            },
        ),
    ],
)
