---
source: crates/nash-can/tests/kinds.rs
description: "type alias Vault = { owner : Bytes, amount : Int }"
---
(
    [],
    [
        (
            "Vault",
            KindScheme {
                bounds: [],
                kind: Base(
                    Big,
                ),
                applications: [],
            },
        ),
    ],
)
