---
source: crates/nash-can/tests/kinds.rs
description: "type unused 'a = Unused (list 'a) ('a unit)"
---
[
    KindMismatch {
        region: Region {
            start: Position {
                line: 5,
                column: 39,
            },
            end: Position {
                line: 5,
                column: 43,
            },
        },
        context: LittleField {
            union: "unused",
            ctor: "Unused",
            index: 1,
        },
        expected: Type,
        actual: Arrow(
            Type,
            Type,
        ),
    },
]
