---
source: crates/nash-can/tests/kinds.rs
description: "type option 'a = None | Some 'a\ntype alias xs = list (option int)"
---
[
    RepresentationMismatch {
        region: Region {
            start: Position {
                line: 6,
                column: 23,
            },
            end: Position {
                line: 6,
                column: 33,
            },
        },
        context: AliasCasing {
            alias: "xs",
            big: false,
        },
        required: Storable,
        actual: Term,
    },
]
