---
source: crates/nash-can/tests/kinds.rs
description: "type self 'f = Self ('f 'f)\ntrait Marker 'a where\n    marker : 'a -> unit\nimpl Marker (self self) where\n    marker x = ()"
---
(
    [
        (
            "self",
            KindScheme {
                bounds: [
                    KindSet(
                        8,
                    ),
                    KindSet(
                        7,
                    ),
                ],
                kind: Arrow(
                    Var(
                        0,
                    ),
                    Base(
                        Term,
                    ),
                ),
                applications: [
                    KindApplication {
                        head: Var(
                            0,
                        ),
                        argument: Var(
                            0,
                        ),
                        result: Var(
                            1,
                        ),
                    },
                ],
            },
        ),
    ],
    [],
)
