---
source: crates/nash-can/tests/kinds.rs
description: "type Bad = Bad int\ntype Wrong = Wrong bytes"
---
[
    RepresentationMismatch {
        region: Region {
            start: Position {
                line: 6,
                column: 20,
            },
            end: Position {
                line: 6,
                column: 25,
            },
        },
        context: BigField {
            union: "Wrong",
            ctor: "Wrong",
            index: 0,
        },
        required: Big,
        actual: Const,
    },
    RepresentationMismatch {
        region: Region {
            start: Position {
                line: 5,
                column: 16,
            },
            end: Position {
                line: 5,
                column: 19,
            },
        },
        context: BigField {
            union: "Bad",
            ctor: "Bad",
            index: 0,
        },
        required: Big,
        actual: Const,
    },
]
