---
source: crates/nash-can/tests/kinds.rs
description: "type tag 'a = Tag\ntype s 'f 'g 'a = S ('g ('f 'f 'a))\ntrait Marker 'a where\n    marker : 'a -> unit\nimpl Marker (s s tag tag) where\n    marker _ = ()"
---
[
    KindInfinite {
        region: Region {
            start: Position {
                line: 6,
                column: 29,
            },
            end: Position {
                line: 6,
                column: 31,
            },
        },
        context: LittleField {
            union: "s",
            ctor: "S",
            index: 0,
        },
    },
]
