---
source: crates/nash-can/tests/traits.rs
expression: "(&trait_.kind, variables)"
---
(
    KindScheme {
        bounds: [
            KindSet(
                7,
            ),
        ],
        kind: Arrow(
            Var(
                0,
            ),
            Base(
                Term,
            ),
        ),
        applications: [],
    },
    [
        (
            "ordinary",
            [
                "a",
                "b",
            ],
            ValueKinds {
                bounds: [
                    KindSet(
                        7,
                    ),
                ],
                kinds: [
                    Var(
                        0,
                    ),
                    Base(
                        Big,
                    ),
                ],
                applications: [],
            },
        ),
        (
            "higher",
            [
                "a",
                "b",
                "c",
            ],
            ValueKinds {
                bounds: [
                    KindSet(
                        7,
                    ),
                    KindSet(
                        8,
                    ),
                    KindSet(
                        15,
                    ),
                    KindSet(
                        7,
                    ),
                ],
                kinds: [
                    Var(
                        0,
                    ),
                    Var(
                        1,
                    ),
                    Var(
                        2,
                    ),
                ],
                applications: [
                    KindApplication {
                        head: Var(
                            1,
                        ),
                        argument: Var(
                            2,
                        ),
                        result: Var(
                            3,
                        ),
                    },
                ],
            },
        ),
    ],
)
