---
source: crates/nash-test/tests/runtime.rs
description: "  assert (identity \"界\" == identity \"é\" ++ z\n      && identity \"名\" == value)"
---
× assert (identity "界" == identity "é" ++ z
          │                │               │
          │                │               zero
          │                right
          left
          continued
                && identity "名" == value)
                   │                │
                   │                first
                   │                second
                   name
